
> react-typescript-starter@0.1.0 test
> react-scripts test "--coverage"

PASS src/nested.test.ts
PASS src/arrays.test.ts
PASS src/objects.test.ts
PASS src/components/StartAttempt.test.tsx
PASS src/components/TwoDice.test.tsx
PASS src/bad-components/ChooseTeam.test.tsx
PASS src/bad-components/DoubleHalf.test.tsx
PASS src/HtmlCss.test.tsx
PASS src/functions.test.ts
PASS src/components/ChangeType.test.tsx
PASS src/components/CycleHoliday.test.tsx
PASS src/components/Counter.test.tsx
PASS src/components/RevealAnswer.test.tsx
PASS src/bad-components/ColoredBox.test.tsx
FAIL src/bad-components/ShoveBox.test.tsx
  ● ShoveBox Component tests › The MoveableBox is initially nearby.

    expect(element).toHaveStyle()

    - Expected

    - marginLeft: 10px;

       9 |     test("The MoveableBox is initially nearby.", () => {
      10 |         const box = screen.getByTestId("moveable-box");
    > 11 |         expect(box).toHaveStyle({ marginLeft: "10px" });
         |                     ^
      12 |     });
      13 |     test("There is a button", () => {
      14 |         expect(screen.getByRole("button")).toBeInTheDocument();

      at Object.<anonymous> (src/bad-components/ShoveBox.test.tsx:11:21)

  ● ShoveBox Component tests › Clicking the button moves the box.

    expect(element).toHaveStyle()

    - Expected

    - marginLeft: 14px;

      17 |         const shoveBox = screen.getByRole("button");
      18 |         shoveBox.click();
    > 19 |         expect(screen.getByTestId("moveable-box")).toHaveStyle({
         |                                                    ^
      20 |             marginLeft: "14px"
      21 |         });
      22 |         shoveBox.click();

      at Object.<anonymous> (src/bad-components/ShoveBox.test.tsx:19:52)

PASS src/App.test.tsx
--------------------|---------|----------|---------|---------|-------------------
File                | % Stmts | % Branch | % Funcs | % Lines | Uncovered Line #s 
--------------------|---------|----------|---------|---------|-------------------
All files           |   99.49 |    97.29 |     100 |   99.47 |                   
 src                |   99.27 |    98.33 |     100 |   99.23 |                   
  App.tsx           |     100 |      100 |     100 |     100 |                   
  arrays.ts         |     100 |      100 |     100 |     100 |                   
  functions.ts      |     100 |      100 |     100 |     100 |                   
  nested.ts         |     100 |      100 |     100 |     100 |                   
  objects.ts        |    97.5 |       90 |     100 |    97.5 | 55                
 src/bad-components |     100 |       50 |     100 |     100 |                   
  ChooseTeam.tsx    |     100 |       50 |     100 |     100 | 25                
  ColoredBox.tsx    |     100 |      100 |     100 |     100 |                   
  DoubleHalf.tsx    |     100 |      100 |     100 |     100 |                   
  ShoveBox.tsx      |     100 |      100 |     100 |     100 |                   
 src/components     |     100 |      100 |     100 |     100 |                   
  ChangeType.tsx    |     100 |      100 |     100 |     100 |                   
  Counter.tsx       |     100 |      100 |     100 |     100 |                   
  CycleHoliday.tsx  |     100 |      100 |     100 |     100 |                   
  RevealAnswer.tsx  |     100 |      100 |     100 |     100 |                   
  StartAttempt.tsx  |     100 |      100 |     100 |     100 |                   
  TwoDice.tsx       |     100 |      100 |     100 |     100 |                   
 src/interfaces     |       0 |        0 |       0 |       0 |                   
  answer.ts         |       0 |        0 |       0 |       0 |                   
  question.ts       |       0 |        0 |       0 |       0 |                   
--------------------|---------|----------|---------|---------|-------------------

Test Suites: 1 failed, 15 passed, 16 total
Tests:       2 failed, 109 passed, 111 total
Snapshots:   0 total
Time:        9.199 s
Ran all test suites.
